// Jest Snapshot v1, https://goo.gl/fbAQLP

exports[`Welcome Component Component Welcome matches DOM Snapshot 1`] = `
<div>
  <div>
    Home Page
  </div>
</div>
`;
